// Jest Snapshot v1, https://goo.gl/fbAQLP

exports[`ForecastDetails renders correctly 1`] = `
<DocumentFragment>
  <div
    class="forecast-details"
    data-testid="forecast-details"
  >
    <div
      class="forecast-details__date"
    >
      Mon Apr 30 2018
    </div>
    <div
      class="forecast-details__min-temp"
    >
      Min Temperature: 12°C
    </div>
    <div
      class="forecast-details__max-temp"
    >
      Max Temperature: 22°C
    </div>
    <div
      class="forecast-details__humidity"
    >
      Humidity: 80%
    </div>
    <div
      class="forecast-details__wind-speed"
    >
      Wind Speed: 150 mph
    </div>
    <div
      class="forecast-details__wind-direction"
    >
      Wind Direction: e
    </div>
  </div>
</DocumentFragment>
`;
